<html>
<body>
<pre>
<h1>µVision Build Log</h1>
<h2>Tool Versions:</h2>
IDE-Version: ¦ÌVision V5.42.0.0
Copyright (C) 2025 ARM Ltd and ARM Germany GmbH. All rights reserved.
License Information: ProYRB Reginald, soc, LIC=TIVNB-2W039-9UA4U-SNV2E-CRL7N-C9XAZ
 
Tool Versions:
Toolchain:       MDK-ARM Plus  Version: 5.42.0.0
Toolchain Path:  C:\Users\proyr\AppData\Local\Keil_v5\ARM\ARMCLANG\Bin
C Compiler:      ArmClang.exe V6.23
Assembler:       Armasm.exe V6.23
Linker/Locator:  ArmLink.exe V6.23
Library Manager: ArmAr.exe V6.23
Hex Converter:   FromElf.exe V6.23
CPU DLL:         SARMCM3.DLL V5.42.0.0
Dialog DLL:      DARMCM1.DLL V1.19.6.0
Target DLL:      SOC_MDK_Driver_Beta\SOC_MDK_Driver.dll V1.00
Dialog DLL:      TARMCM1.DLL V1.14.6.0
 
<h2>Project:</h2>
C:\Users\proyr\Documents\Github\SC32-RT-Thread\.keil\project.uvprojx
Project File Date:  08/01/2025

<h2>Output:</h2>
*** Using Compiler 'V6.23', folder: 'C:\Users\proyr\AppData\Local\Keil_v5\ARM\ARMCLANG\Bin'
Build target 'Main'
creating preprocessor file for sc32f1xxx_can.c...
compiling sc32f1xxx_dma.c...
compiling sc32f1xxx_can.c...
creating preprocessor file for sc32f1xxx_cmp.c...
creating preprocessor file for sc32f1xxx_adc.c...
creating preprocessor file for sc32f1xxx_gpio.c...
compiling sc32f1xxx_cmp.c...
compiling sc32f1xxx_crc.c...
compiling sc32f1xxx_btm.c...
creating preprocessor file for sc32f1xxx_dac.c...
creating preprocessor file for sc32f1xxx_btm.c...
creating preprocessor file for sc32f1xxx_dma.c...
creating preprocessor file for sc32f1xxx_crc.c...
compiling sc32f1xxx_dac.c...
compiling sc32f1xxx_gpio.c...
creating preprocessor file for sc32f1xxx_iap.c...
compiling sc32f1xxx_adc.c...
creating preprocessor file for sc32f1xxx_int.c...
compiling sc32f1xxx_int.c...
creating preprocessor file for sc32f1xxx_lcd.c...
creating preprocessor file for sc32f1xxx_led.c...
compiling sc32f1xxx_iap.c...
compiling sc32f1xxx_led.c...
compiling sc32f1xxx_lcd.c...
creating preprocessor file for sc32f1xxx_ledpwm.c...
creating preprocessor file for sc32f1xxx_op.c...
creating preprocessor file for sc32f1xxx_option.c...
compiling sc32f1xxx_op.c...
compiling sc32f1xxx_ledpwm.c...
creating preprocessor file for sc32f1xxx_pga.c...
compiling sc32f1xxx_option.c...
compiling sc32f1xxx_pga.c...
creating preprocessor file for sc32f1xxx_pwm.c...
compiling sc32f1xxx_pwm.c...
creating preprocessor file for sc32f1xxx_pwr.c...
creating preprocessor file for sc32f1xxx_qep.c...
compiling sc32f1xxx_qep.c...
compiling sc32f1xxx_pwr.c...
creating preprocessor file for sc32f1xxx_qspi.c...
compiling sc32f1xxx_qspi.c...
creating preprocessor file for sc32f1xxx_rcc.c...
creating preprocessor file for sc32f1xxx_spi.c...
compiling sc32f1xxx_rcc.c...
compiling sc32f1xxx_spi.c...
creating preprocessor file for sc32f1xxx_spi1_twi1.c...
creating preprocessor file for sc32f1xxx_temper.c...
compiling sc32f1xxx_spi1_twi1.c...
compiling sc32f1xxx_temper.c...
creating preprocessor file for sc32f1xxx_tim.c...
compiling sc32f1xxx_tim.c...
creating preprocessor file for sc32f1xxx_twi.c...
compiling sc32f1xxx_twi.c...
creating preprocessor file for sc32f1xxx_uart.c...
creating preprocessor file for sc32f1xxx_vref.c...
compiling sc32f1xxx_vref.c...
compiling sc32f1xxx_uart.c...
creating preprocessor file for sc32f1xxx_wdt.c...
compiling sc32f1xxx_wdt.c...
creating preprocessor file for system_sc32f1xxx.c...
creating preprocessor file for main.c...
compiling system_sc32f1xxx.c...
compiling main.c...
linking...
Program Size: Code=4140 RO-data=240 RW-data=4 ZI-data=516  
FromELF: creating hex file...
".\Objects\project.axf" - 0 Error(s), 0 Warning(s).

<h2>Software Packages used:</h2>

Package Vendor: ARM
                https://www.keil.com/pack/ARM.Cortex_DFP.1.1.0.pack
                ARM::Cortex_DFP@1.1.0
                ARM Cortex Reference Subsystems Device Family Pack

<h2>Collection of Component include folders:</h2>
  C:/Users/proyr/AppData/Local/Arm/Packs/ARM/Cortex_DFP/1.1.0/Device/ARMCM0plus/Include

<h2>Collection of Component Files used:</h2>
Build Time Elapsed:  00:00:02
</pre>
</body>
</html>
